---
source: src/ui_tests.rs
expression: bg_map(&mut a)
---
ppppbbbbbbbbbbbbbbbbbbbbbbbbbbbbbbbbbbbbbbbbbbbbbbbbbbbbbbbbbbbbbbbbbbbbbbbbbbbbbbbbbbbbbbbbbbbbbbbb

  sshhhhhhhhhhshhhhhhhhshhhhhhhhssssssssssssssssssssssssssssssssssssssssssssssssssssssssssssssssss
  sshhhhhhhhhhssssssssssssssssssssssssssssssssssssssssssssssssssssssssssssssssssssssssssssssssssss
  sshhhhhhhhhhssssssssssssssssssssssssssssssssssssssssssssssssssssssssssssssssssssssssssssssssssss
  sshhhhhhhhhhssssssssssssssssssssssssssssssssssssssssssssssssssssssssssssssssssssssssssssssssssss

  pShhhhhhhhhhSSSSSSSSSSSSSSSSSSSSSSSSSSSSSSSSSSSSSSSSSSSSSSSSSSSSSSSSSSSSSSSSSSSSSSSSSSSSSSSSSSSS
  pShhhhhhhhhhSSSSSSSSSSSSSSSSSSSSSSSSSSSSSSSSSSSSSSSSSSSSSSSSSSSSSSSSSSSSSSSSSSSSSSSSSSSSSSSSSSSS
  pShhhhhhhhhhSSSSSSSSSSSSSSSSSSSSSSSSSSSSSSSSSSSSSSSSSSSSSSSSSSSSSSSSSSSSSSSSSSSSSSSSSSSSSSSSSSSS
  pShhhhhhhhhhSSSSSSSSSSSSSSSSSSSSSSSSSSSSSSSSSSSSSSSSSSSSSSSSSSSSSSSSSSSSSSSSSSSSSSSSSSSSSSSSSSSS

  ssssssssssssssssssssssssssssssssssssssssssssssssssssssssssssssssssssssssssssssssssssssssssssssss
  ssssssssssssssssssssssssssssssssssssssssssssssssssssssssssssssssssssssssssssssssssssssssssssssss
  ssssssssssssssssssssssssssssssssssssssssssssssssssssssssssssssssssssssssssssssssssssssssssssssss
  ssssssssssssssssssssssssssssssssssssssssssssssssssssssssssssssssssssssssssssssssssssssssssssssss

  sshhhhhhhhhhssssssssssssssssssssssssssssssssssssssssssssssssssssssssssssssssssssssssssssssssssss
  sshhhhhhhhhhssssssssssssssssssssssssssssssssssssssssssssssssssssssssssssssssssssssssssssssssssss
  sshhhhhhhhhhssssssssssssssssssssssssssssssssssssssssssssssssssssssssssssssssssssssssssssssssssss
  sshhhhhhhhhhssssssssssssssssssssssssssssssssssssssssssssssssssssssssssssssssssssssssssssssssssss








bbbbbbbbbbbbbbbbbbbbbbbbbbbbbbbbbbbbbbbbbbbbbbbbbbbbbbbbbbbbbbbbbbbbbbbbbbbbbbbbbbbbbbbbbbbbbbbbbbbb
