---
source: src/ui_tests.rs
expression: bg_map(&mut a)
---
ppppbbbbbbbbbbbbbbbbbbbbbbbbbbbbbbbbbbbbbbbbbbbbbbbbbbbbbbbbbbbbbbbbbbbbbbbbbbbbbbbbbbbbbbbbbbbbbbbb

  ssssssssssssssssssssssssssssssssssssssssssssssssssssssssssssssssssssssssssssssssssssssssssssssss h
  sshhhhhhhhhhhhhhhhsssssssssssssccccsssssssssssssssssssssssssssssssssssssssssssssssssssssssssssss h
  sshhhhhhhhhhhhhhhhssssssssssssssssssssssssssssssssssssssssssssssssssssssssssssssssssssssssssssss h
  sshhhhhhhhhhhhhhhhssssssssssssssssssssssssssssssssssssssssssssssssssssssssssssssssssssssssssssss h
  sshhhhhhhhhhhhhhhhssssssssssssssssssssssssssssssssssssssssssssssssssssssssssssssssssssssssssssss h
  sshhhhhhhhhhhhhhhhssssssssssssssssssssssssssssssssssssssssssssssssssssssssssssssssssssssssssssss h
  sshhhhhhhhhhhhhhhhssssssssssssssssssssssssssssssssssssssssssssssssssssssssssssssssssssssssssssss h
  sshhhhhhhhhhhhhhhhssssssssssssssssssssssssssssssssssssssssssssssssssssssssssssssssssssssssssssss h
  sshhhhhhhhhhhhhhhhssssssssssssssssssssssssssssssssssssssssssssssssssssssssssssssssssssssssssssss h
  ssssssssssssssssssssssssssssssssssssssssssssssssssssssssssssssssssssssssssssssssssssssssssssssss h
                                                                                                   h
      SSSSSSSSSSSSSSSSSSSSSSSSSSSSSSSSSSSSSSSSSSSSSSSSSSSSSSSSSSSSSSSSSSSSSSSSSSSSSSSSSSSSSSSSSSSS h
      SSSSSSSSSSSSSSSSSSSSSSSSSSSSSSSSSSSSSSSSSSSSSSSSSSSSSSSSSSSSSSSSSSSSSSSSSSSSSSSSSSSSSSSSSSSS h
      SSSSSSSSSSSSSSSSSSSSSSSSSSSSSSSSSSSSSSSSSSSSSSSSSSSSSSSSSSSSSSSSSSSSSSSSSSSSSSSSSSSSSSSSSSSS
      SSSSSSSSSSSSSSSSSSSSSSSSSSSSSSSSSSSSSSSSSSSSSSSSSSSSSSSSSSSSSSSSSSSSSSSSSSSSSSSSSSSSSSSSSSSS
      SSSSSSSSSSSSSSSSSSSSSSSSSSSSSSSSSSSSSSSSSSSSSSSSSSSSSSSSSSSSSSSSSSSSSSSSSSSSSSSSSSSSSSSSSSSS
      SSSSSSSSSSSSSSSSSSSSSSSSSSSSSSSSSSSSSSSSSSSSSSSSSSSSSSSSSSSSSSSSSSSSSSSSSSSSSSSSSSSSSSSSSSSS
      SSSSSSSSSSSSSSSSSSSSSSSSSSSSSSSSSSSSSSSSSSSSSSSSSSSSSSSSSSSSSSSSSSSSSSSSSSSSSSSSSSSSSSSSSSSS
      SSSSSSSSSSSSSSSSSSSSSSSSSSSSSSSSSSSSSSSSSSSSSSSSSSSSSSSSSSSSSSSSSSSSSSSSSSSSSSSSSSSSSSSSSSSS

          ssssssssssssssssssssssssssssssssssssssssssssssssssssssssssssssssssssssssssssssssssssssss
          sssssssssssssnnnnnssssssssssssssssssssssssssssssssssssssssssssssssssssssssssssssssssssss
          ssssssssssssssssssssssssssssssssssssssssssssssssssssssssssssssssssssssssssssssssssssssss
          ss??????ssssssssssssssssssssssssssssssssssssssssssssssssssssssssssssssssssssssssssssssss
          ssssssssssssssssssssssssssssssssssssssssssssssssssssssssssssssssssssssssssssssssssssssss

  ssssssssssssssssssssssssssssssssssssssssssssssssssssssssssssssssssssssssssssssssssssssssssssssss
bbbbbbbbbbbbbbbbbbbbbbbbbbbbbbbbbbbbbbbbbbbbbbbbbbbbbbbbbbbbbbbbbbbbbbbbbbbbbbbbbbbbbbbbbbbbbbbbbbbb
