---
source: src/ui_tests.rs
assertion_line: 183
expression: snapshot(&mut a)
---
 ck                    ╭ Help ──────────────────────────────────────────────╮
╭ Sites ───────────────│Everywhere                                          │──────────────────────╮
│▌ ★ Watched       3 th│  j / k, ↓ / ↑        move                          │                      │
│  ◷ History       2 re│  g / G               top / bottom                  │                      │
│  4chan           four│  ctrl-d / ctrl-u     half page down / up           │                      │
│  lainchan        vich│  enter, l            open                          │                      │
│  wizchan         vich│  esc, h, backspace   back                          │                      │
│  uboachan        vich│  /                   filter list                   │                      │
│  endchan         lynx│  r                   reload                        │                      │
│  kohlchan        lynx│  o                   open in browser               │                      │
│  desuarchive     fool│  q, ctrl-c           quit                          │                      │
│  zzzchan         jsch│  mouse               wheel scroll, click, dbl-click│                      │
│  smuglo.li       vich│                                                    │                      │
│  kissu           vich│Catalog                                             │                      │
│  tvch            vich│  v                   view the OP's images          │                      │
│  sushigirl       vich│  w                   watch / unwatch the thread    │                      │
│  alogs           lynx│  s                   cycle sort order              │                      │
│  trashchan       jsch│  c                   compact layout on / off       │                      │
│  ptchan          jsch│                                                    │                      │
│  erischan        jsch│Thread                                              │                      │
│  junkuchan       jsch│  j / k               next / previous post          │                      │
│  nukechan        jsch│  J / K, space        scroll by line / page         │                      │
│  palanq          fool│  enter, l            follow quote (any thread)     │                      │
│  b4k             fool│  p                   preview the quoted posts      │                      │
│                      │  b                   jump to first reply           │                      │
│                      │  u                   back (also to last thread)    │                      │
│                      │  /                   search the thread             │                      │
│                      │  n / N               next / previous match         │                      │
╰──────────────────────│  s / S               show spoilers: post / all     │──────────────────────╯
 j/k move · enter open ╰ j/k scroll ─────────────────────────── images: off ╯· q quit
