---
source: src/ui_tests.rs
expression: snapshot(&mut a)
---
 ck  Settings

  Appearance
    Theme             material                          Live preview while choosing
    Colors            as the theme has them             Change any color of the current theme
    Color depth       auto (24-bit)                     24-bit color, or the nearest of 256

  Catalog
    Default layout    cards                             c in a catalog sets a board's own
    Images            on                                Thumbnails and the image viewer (after a…
    Filters                             enter edit · space on/off · a add · x remove · esc close

     hide        crypto                subject+comment   everywhere          (?i)…  nothing here
     highlight   Named !Trip           name              /g/ on 4chan        ^Named !Tr…  1 post
     off         implying              comment           everywhere          implying     1 post


    Counts are for the open catalog and thread. Kept in the config as [[filter]] tables.


  Startup
    Last place        restored                          Start where you left off (ck URL starts …

  Keys
    Key bindings      defaults                          Rebind any command

  There's no config file to save to (no home directory); changes last until ck quits.


 enter change   esc back   , settings   ? help
