---
source: src/ui_tests.rs
expression: snapshot(&mut a)
---
 ck  4chan  ›  /g/  ›  Snapshot thread                                            5 posts  ·  2 new

    >implying

    Replies  >>1003



    Anonymous  2026-09-21 11:13 · 3h ago  No.1002

    Code:
    fn main() {
      Links                                                    enter open · y copy · esc close

       quote   >>>/g/901  (thread 900)
       web     https://example.com/a-long-path?with=query
       file    notes.pdf  https://i.example/notes.pdf


    secret and >>1001



    Anonymous   new  2026-09-21 13:13 · 1h ago  No.1004
    notes.pdf  800x600 · 121 KB

    See >>901 in the old thread


 j/k post   tab images & links   f hints   . more   enter quote   u back   / search   w watch   , se
