---
source: src/ui_tests.rs
expression: snapshot(&mut a)
---
 ck  Settings
    Keys                                                                press a key · esc cancel

    Everywhere
  ▌   q               quit             quit                                 everywhere
      ?               help             help                                 everywhere
      ,               settings         settings: theme, colors, keys, …     everywhere
      /               search           filter the list; search a thread     everywhere
      r               reload           reload                               everywhere
      o               browser          open in the browser                  everywhere
      :               goto             go to a URL or site/board/thread     everywhere
      ]               next_tab         next tab                             everywhere
      [               prev_tab         previous tab                         everywhere
      .               menu             what you can do with what's selected everywhere, gallery…
      ctrl-w          close_tab        close the tab                        everywhere
      W               watched          the watched threads                  everywhere

    Lists
      f               hints            label what's on screen; type a labe… lists, catalog, thr…
      u               jump_back        jump back: the post before, or the … lists, catalog, thr…
      ctrl-r          jump_forward     jump forward again (after jumping b… lists, catalog, thr…
      *               favorite         favorite board: on / off             lists, catalog
      menu            add_site         add a site from a link to any page … lists
      menu            update_boards    read a vichan site's board list aga… lists
      menu            board_images     images on this board: on / off       lists, catalog, thr…


    Press the new key for quit   esc cancels

 enter change   esc back   ? help                                                      24/24  100%
