---
source: src/ui_tests.rs
expression: snapshot(&mut a)
---
 ck  4chan  ›  /g/  ›  Snapshot thread                                 5 posts  ·  2 new, 2 below ↓

  ▌
  a Anonymous   OP  2026-09-21 09:13 · 5h ago  No.1000
  ▌ Snapshot thread
  ▌sop.png  800x600 · 121 KB
  ▌
  ▌ A thread for snapshot tests.
  ▌ It has a few replies.
  ▌
  ▌dReplies f>>1001
  ▌


  g Anonymous  2026-09-21 10:13 · 4h ago  No.1001

   h>>1000 (OP)
    >implying

   jReplies k>>1003



  l Anonymous  2026-09-21 11:13 · 3h ago  No.1002

    Code:
    fn main() {
        println!("snapshot");
    }
 j/k post   v view image   . more   tab images & links   c conversation   f hints   ? help
