---
source: src/ui_tests.rs
expression: narrow(&mut a)
---
 ck  Sites                               23 sites
    Keys  j/k scroll · images: off · esc close

    Everywhere
      j k gg G ^d ^u     move (10j),
                         top/bottom, page
      enter l / esc h    open / back
      u / ctrl-r / W     back / forward /
                         watched
      ., right-click     menu: what you can do
                         here
      f                  label on-screen items
                         to open
      /                  filter (thread:
                         search)
      r / o              reload / open in
                         browser
      : / ,              go to a URL↓ more (j)

 enter open   . more   ? help           1/26  3%
