---
source: src/ui_tests.rs
expression: snapshot(&mut a)
---
 ck  4chan  ›  /g/  ›  Snapshot thread                      saved 5h ago   dead   5 posts  ·  2 new

  ▌
  ▌ Anonymous   OP  2026-09-21 09:13 · 5h ago  No.1000
  ▌ Snapshot thread
  ▌ op.png  800x600 · 121 KB
  ▌
  ▌ A thread for snapshot tests.
  ▌ It has a few replies.
  ▌
  ▌ Replies  >>1001
  ▌


    Anonymous  2026-09-21 10:13 · 4h ago  No.1001

    >>1000 (OP)
    >implying

    Replies  >>1003



    Anonymous  2026-09-21 11:13 · 3h ago  No.1002

    Code:
    fn main() {
        println!("snapshot");
    }
 j/k post   enter view image   . more   tab images & links   c conversation…   ? help     1/5  20%
