---
source: src/ui_tests.rs
expression: snapshot(&mut a)
---
 ck  Settings

  Appearance
  ▌ Theme             material                          Live preview while choosing
    Colors            as the theme has them             Change any color of the current theme
    Color depth       auto (24-bit)                     24-bit color, or the nearest of 256
    Reading position  30% from the edges                How far from the edges the selected post…
    Terminal title    set by ck                         Where you are and how many posts are new…

  Catalog                 Theme                    enter keep · esc cancel
    Default layout    ca                                                    a board's own
    Watched first     in▌ material                                           the top of catalogs
    Images            on  material-light                                    mage viewer (after a…
    NSFW boards       im  nord                                               site marks NSFW
    Board images      no  gruvbox                                           n image setting (. m…
    Filters           0   catppuccin                                         pattern; X adds one…
    Hidden words      no  tokyo-night                                       ese words are hidden…
    Hidden replies    sh  solarized-light                                    to a hidden post ar…
                          terminal
  Background refresh      mono
    Open thread       ev                                                    hread updates
    Watched threads   every 60s                         How often each watched thread updates
    Quiet threads     refreshed less often              Slower while nothing new comes, to 10×
    Notifications     auto (terminal bell)              New posts in watched threads, replies to…
    Reading the end   new posts come into view          New posts come into view while you read …

  Sites
    Add a site        23 sites so far                   Paste a link to any page of it; ck finds…
    Your sites        only the built-in ones            The ones you added, or built-in ones you…
 enter change   esc back   ? help
