---
source: src/ui_tests.rs
expression: snapshot(&mut a)
---
 ck  Sites                                                                                 23 sites
                         Keys          j/k scroll · images: off · esc close
  ▌ ◉  Watched
    ◷  History           Lists
    ▤  Saved               pagedown           10 rows down
       4chan               pageup             10 rows up
       lainchan            n                  next search match (archive
       wizchan                                search: more results)
       uboachan            *                  favorite board: on / off
       endchan             x                  remove the entry (home: a
       kohlchan                               favorite)
       desuarchive
       zzzchan           Everywhere
       2ch                 j, down            down (10j: ten)
       smuglo.li           k, up              up
       kissu               h, left            back (in a grid: left)
       tvch                l, right           open (in a grid: right)
       sushigirl           enter              open (in a thread: follow a
       leftypol                               quote)
       8kun                esc                back, close; drops a count
       alogs               backspace          back
       trashchan           f5                 reload
       ptchan              home               top
       erischan            g                  gg: top (10gg, 10g: the
       junkuchan                              tenth)
       nukechan            G, end             bottom (10G: the tenth)
       palanq              0-9                a count (home: a favorite)
       b4k                                                       ↓ more (j)

 enter open   . more   / filter   o browser   r reload   , settings   ? help              1/26  3%
