---
source: src/ui_tests.rs
expression: snapshot(&mut a)
---
 ck  4chan  ›  /pol/  ›  /ptg/ - Private Thread General                                     7 posts

  ▌
  ▌ Anonymous   ID:Ab3dEf+g (2)  US   OP  2026-10-04 18:12 · 0s ago  No.487211034
  ▌ /ptg/ - Private Thread General
  ▌ ptg.jpg  1024x768 · 240 KB
  ▌
  ▌ Post your country.
  ▌ Thread theme: youtube.com/watch?v=dQw4w9WgXcQ
  ▌
  ▌ Replies  >>487211102
  ▌


    Anonymous   ID:Zq9Wx2Lp (2)  GB  2026-10-04 18:13 · 0s ago  No.487211102

    >>487211034 (OP)
    tea time

    Replies  >>487211150



    Anonymous   ID:Ab3dEf+g (2)  US  2026-10-04 18:14 · 0s ago  No.487211150

    >>487211102
    bump


 j/k post   v view image   . more   tab images & links   c conversation   f hints   ? help
