---
source: src/ui_tests.rs
expression: snapshot(&mut a)
---
 ck  4chan  ›  /g/  ›  Thread 2000                                                        400 posts


    post 397
    and a line
    and a line
    and a line
    and a line
    and a line



    Anonymous  2026-09-21 13:13 · 1h ago  No.2398

    post 398
    and a line
    and a line
    and a line
    and a line
    and a line
    and a line


  ▌
  ▌ Anonymous  2026-09-21 13:13 · 1h ago  No.2399
  ▌
  ▌ post 399
  ▌

 j/k post   . more   f hints   / search   w watch   , settings   ? help              400/400  100%
