---
source: src/ui_tests.rs
expression: snapshot(&mut a)
---
 ck  Settings

    Keys                                                                press a key · esc cancel

    Everywhere
      q               quit             quit                                 everywhere
      ?               help             help                                 everywhere
      ,               settings         settings: theme, colors, keys, …     everywhere
      /               search           filter the list; search a thread     everywhere
      r               reload           reload                               everywhere
      o               browser          open in the browser                  everywhere
      :               goto             go to a URL or site/board/thread     everywhere
      tab             next_tab         next tab                             everywhere
      shift-tab       prev_tab         previous tab                         everywhere
      ctrl-w          close_tab        close the tab                        everywhere

    Lists
      *               favorite         favorite board: on / off             lists, catalog

    Catalog
      v               view             view the post's images               catalog, thread
      w               watch            watch / unwatch the thread           catalog, thread
      s               sort             cycle the sort order                 catalog
      c               compact          layout: cards, compact, grid         catalog
      f               archive_search   search the board's archive           catalog

    Press the new key for quit   esc cancels


 enter change   esc back   , settings   ? help
