---
source: src/ui_tests.rs
expression: bg_map(&mut a)
---
ppppbbbbbbbbbbbbbbbbbbbbbbbbbbbbbbbbbbbbbbbbbbbbbbbbbbbbbbbbbbbbbbbbbbbbbbbbbbbbbbbbbbbbbbbbbbbbbbbb

  pShhhhhhhhhhShhhhhhhhShhhhhhhhSSSSSSSSSSSSSSSSSSSSSSSSSSSSSSSSSSSSSSSSSSSSSSSSSSSSSSSSSSSSSSSSSS
  pShhhhhhhhhhSSSSSSSSSSSSSSSSSSSSSSSSSSSSSSSSSSSSSSSSSSSSSSSSSSSSSSSSSSSSSSSSSSSSSSSSSSSSSSSSSSSS
  pShhhhhhhhhhSSSSSSSSSSSSSSSSSSSSSSSSSSSSSSSSSSSSSSSSSSSSSSSSSSSSSSSSSSSSSSSSSSSSSSSSSSSSSSSSSSSS
  pShhhhhhhhhhSSSSSSSSSSSSSSSSSSSSSSSSSSSSSSSSSSSSSSSSSSSSSSSSSSSSSSSSSSSSSSSSSSSSSSSSSSSSSSSSSSSS

  sshhhhhhhhhhssssssssssssssssssssssssssssssssssssssssssssssssssssssssssssssssssssssssssssssssssss
  sshhhhhhhhhhssssssssssssssssssssssssssssssssssssssssssssssssssssssssssssssssssssssssssssssssssss
  sshhhhhhhhhhssssssssssssssssssssssssssssssssssssssssssssssssssssssssssssssssssssssssssssssssssss
  sshhhhhhhhhhssssssssssssssssssssssssssssssssssssssssssssssssssssssssssssssssssssssssssssssssssss

  ssssssssssssshhhhhhhhsssssssssssssssssssssssssssssssssssssssssssssssssssssssssssssssssssssssssss
  ssssssssssssssssssssssssssssssssssssssssssssssssssssssssssssssssssssssssssssssssssssssssssssssss
  ssssssssssssssssssssssssssssssssssssssssssssssssssssssssssssssssssssssssssssssssssssssssssssssss
  ssssssssssssssssssssssssssssssssssssssssssssssssssssssssssssssssssssssssssssssssssssssssssssssss

  pshhhhhhhhhhsccccccsssssssssssssssssssssssssssssssssssssssssssssssssssssssssssssssssssssssssssss
  pshhhhhhhhhhssssssssssssssssssssssssssssssssssssssssssssssssssssssssssssssssssssssssssssssssssss
  pshhhhhhhhhhssssssssssssssssssssssssssssssssssssssssssssssssssssssssssssssssssssssssssssssssssss
  pshhhhhhhhhhssssssssssssssssssssssssssssssssssssssssssssssssssssssssssssssssssssssssssssssssssss








bbbbbbbbbbbbbbbbbbbbbbbbbbbbbbbbbbbbbbbbbbbbbbbbbbbbbbbbbbbbbbbbbbbbbbbbbbbbbbbbbbbbbbbbbbbbbbbbbbbb
