---
source: src/ui_tests.rs
expression: snapshot(&mut a)
---
 ck  4chan  ›  /g/  ›  Snapshot thread                               with files   5 posts  ·  2 new


    Anonymous   OP  2026-09-21 09:13 · 5h ago  No.1000
    Snapshot thread
    op.png  800x600 · 121 KB

    A thread for snapshot tests.
    It has a few replies.

    Replies  >>1001

     new posts
  ▌
  ▌ Anonymous   new  2026-09-21 12:13 · 2h ago  No.1003
  ▌ reply.png  800x600 · 121 KB
  ▌
  ▌ ░░░░░░ and >>1001
  ▌










  ✓  2 posts with files; M again shows all, images hidden                                2/2  100%
