---
source: src/ui_tests.rs
expression: narrow(&mut a)
---
 ck  Sites                               23 sites

  ▌ ◉  Watched         3 threads   2 new
    ◷  History         2 recent threads
    ▤  Saved           0 threads
       4chan            4chan       https://4c…
       lainchan         vichan      https://la…
       wizchan          vichan      https://wi…
       uboachan         vichan      https://ub…
       endchan          lynxchan    https://en…
       kohlchan         lynxchan    https://ko…
       desuarchive      foolfuuka   https://de…
       zzzchan          jschan      https://zz…
       2ch              makaba      https://2c…
       smuglo.li        vichan      https://sm…
       kissu            kissu       https://ki…
       tvch             vichan      https://tv…
       sushigirl        vichan      https://su…
       leftypol         vichan      https://le…
 enter open   . more   ? help           1/26  3%
