---
source: src/ui_tests.rs
assertion_line: 708
expression: snapshot(&mut a)
---
 ck  Settings

  Appearance
    Theme             material                          Live preview while choosing
    Colors            as the theme has them             Change any color of the current theme
    Color depth       auto (24-bit)                     24-bit color, or the nearest of 256
    Reading position  30% from the edges                How far from the edges the selected post…

  Catalog
    Default layout    ca  Theme                    enter keep · esc cancel  a board's own
    Images            on                                                    mage viewer (after a…
    Filters           0   material                                           pattern; X adds one…
                          material-light
  Background refresh      nord
    Open thread       ev  gruvbox                                           hread updates
    Watched threads   ev  catppuccin                                        ed thread updates
    Notifications     au  tokyo-night                                        threads, replies to…
                          solarized-light
  Sites                   terminal
    Add a site        23                                                    page of it; ck finds…
    Your sites        only the built-in ones            The ones you added, or built-in ones you…

  Downloads
    Folder            ~/Downloads/ck/{site}/{board}/{…  Where saved files and pages go

  Startup
    Last place        restored                          Start where you left off (ck URL starts …

  Keys
 enter change   esc back   , settings   ? help
