---
source: src/ui_tests.rs
expression: snapshot(&mut a)
---
 ck  Settings
          Filter: Named !Trip                                      enter keep · esc cancel
  Appear
  ▌ Them▌ Pattern      ^Named (!Trip▏
    Colo  Label        Named !Trip                                                          e
    Colo  Action       highlight
    Read    subject    ·                                                                    post…
    Term    comment    ·                                                                     new…
            name       ✓ looked at
  Catalo    filename   ·
    Defa    md5        ·
    Imag    id         ·                                                                    er a…
    NSFW    flag       ·
    Boar    tripcode   ·                                                                    (. m…
    Filt    capcode    ·                                                                     one…
    Hidd    dimensions ·                                                                    dden…
    Hidd    filesize   ·                                                                    t ar…
            postno     ·
  Backgr  Sites        4chan
    Open  Boards       g
    Watc  Posts        all                                                                  s
    Noti  Replies      as they are                                                          s to…
    Read  Notify       no                                                                   ead …
          Top          no
  Sites   On           yes
    Add                                                                                     inds…
    Your                                                                                     you…
          Not a valid pattern: unclosed group
  Downlo
 enter change   esc back   ? help
