---
source: src/ui_tests.rs
expression: narrow(&mut a)
---
 ck  Sites                               23 sites
    Keys  j/k scroll · images: off · esc close

    Everywhere
      j k g G ^d ^u      move, top/bottom,
                         page
      enter l / esc h    open / back
      ., right-click     menu: what you can do
                         here
      f                  label on-screen items
                         to open
      /                  filter (thread:
                         search)
      r / o              reload / open in
                         browser
      :                  go to a URL or
                         site/board
      ,                  settings: t↓ more (j)

 enter open   . more   / filter   ? help
