---
source: src/ui_tests.rs
expression: "shots.join(\"\\n=====\\n\")"
---
 ck  Settings

  Appearance
  ▌ Theme             material                          Live preview while choosing
    Colors            as the theme has them             Change any color of the current theme
    Color depth       auto (24-bit)                     24-bit color, or the nearest of 256
    R  Your sites                        a add · r update a vichan site's boards · x remove · esc close
    T                                                                                                    w…
       None yet: only the built-in sites. a adds one from a link to it.
  Cat
    D
    P  Kept in the config as [[site]] tables; the built-in sites are always there too.                   i…
    W
    Images            on                                Thumbnails and the image viewer (after a restart)
    NSFW boards       images shown                      Images on boards the site marks NSFW
    Board images      none                              Boards with their own image setting (. menu on a b…
    Filters           0 filters, 0 hidden by hand       Hide or highlight by pattern; X adds one from a po…
    Hidden words      none                              Posts with any of these words are hidden, everywhe…
    Hidden replies    shown                             In a thread, replies to a hidden post are hidden t…
 enter change   esc back   ? help                                                                   1/24  4%

=====
 ck  Settings

  Appearance
  ▌ Theme             material                          Live preview while choosing
    Colors            as the theme has them             Change any color of the current theme
    C  Your sites                        a add · r update a vichan site's boards · x remove · esc close
    R
    T  one               vichan     https://one.example                                           added  w…
       lainchan          vichan     https://lainchan.example                       changes the built-in
  Cat▌ three             vichan     https://three.example                            x again removes it
    D
    P                                                                                                    i…
    W  Kept in the config as [[site]] tables; the built-in sites are always there too.
    I
    NSFW boards       images shown                      Images on boards the site marks NSFW
    Board images      none                              Boards with their own image setting (. menu on a b…
    Filters           0 filters, 0 hidden by hand       Hide or highlight by pattern; X adds one from a po…
    Hidden words      none                              Posts with any of these words are hidden, everywhe…
    Hidden replies    shown                             In a thread, replies to a hidden post are hidden t…
 enter change   esc back   ? help                                                                   1/24  4%

=====
 ck  Settings

  Appearance
  ▌ Theme             material                          Live preview while choosing
    Colors            as the theme has them             Change any color of the curren…
    Color   Board images                     x back to the default · esc close  rest o…
    Readin                                                                      he sel…
    Termin  None: every board follows the default. A board's . menu changes it  ny pos…

  Catalog   Boards the site marks NSFW follow the NSFW boards setting; the res
    Defaul                                                                      ard's …
    Preview lines     as fit beside the thumbnail       How much of each thread a card…
    Watched first     in the sort's order               Threads you watch at the top o…
    Images            on                                Thumbnails and the image viewe…
    NSFW boards       images shown                      Images on boards the site mark…
 enter change   esc back   ? help                                               1/24  4%

=====
 ck  Settings

  Appearance
  ▌ Theme             material                          Live preview while choosing
    Colors  Board images                     x back to the default · esc close  curren…
    Color                                                                       rest o…
    Readin  4chan/b                                                 images off  he sel…
    Termin▌ 4chan/g                                                  images on  ny pos…

  Catalog   Boards the site marks NSFW follow the NSFW boards setting; the res
    Defaul                                                                      ard's …
    Preview lines     as fit beside the thumbnail       How much of each thread a card…
    Watched first     in the sort's order               Threads you watch at the top o…
    Images            on                                Thumbnails and the image viewe…
    NSFW boards       images shown                      Images on boards the site mark…
 enter change   esc back   ? help                                               1/24  4%

=====
 ck  Settings

  Appearance
  ▌ Theme             material                          Live preview while choosing
    Colors  Hidden words                          a add · x remove · esc close  curren…
    Color                                                                       rest o…
    Readin  None yet. a adds one; so does w in a post's X.                      he sel…
    Termin                                                                      ny pos…

  Catalog   Whole words, any case. Kept in the config as hidden_words.
    Defaul                                                                      ard's …
    Preview lines     as fit beside the thumbnail       How much of each thread a card…
    Watched first     in the sort's order               Threads you watch at the top o…
    Images            on                                Thumbnails and the image viewe…
    NSFW boards       images shown                      Images on boards the site mark…
 enter change   esc back   ? help                                               1/24  4%

=====
 ck  Settings

  Appearance
  ▌ Theme   Hidden words                          a add · x remove · esc close  ing
    Colors                                                                      curren…
    Color   crypto                                                              rest o…
    Readin▌ free money                                                          he sel…
    Termin  λ                                                                   ny pos…

  Catalog
    Defaul  Whole words, any case. Kept in the config as hidden_words.          ard's …
    Previe                                                                      a card…
    Watched first     in the sort's order               Threads you watch at the top o…
    Images            on                                Thumbnails and the image viewe…
    NSFW boards       images shown                      Images on boards the site mark…
 enter change   esc back   ? help                                               1/24  4%

=====
 ck  Settings

  Appearance
  ▌ Theme   Hidden words                                enter add · esc cancel  ing
    Colors                                                                      curren…
    Color   crypto                                                              rest o…
    Readin  free money                                                          he sel…
    Termin  λ                                                                   ny pos…

  Catalog   New  spa▏
    Defaul  Whole words, any case. Kept in the config as hidden_words.          ard's …
    Previe                                                                      a card…
    Watched first     in the sort's order               Threads you watch at the top o…
    Images            on                                Thumbnails and the image viewe…
    NSFW boards       images shown                      Images on boards the site mark…
 enter change   esc back   ? help                                               1/24  4%

=====
 ck  Settings
            Hidden words                          a add · x remove · esc close
  Appearan
  ▌ Theme   word18                                                              ing
    Colors  word19                                                              curren…
    Color   word20                                                              rest o…
    Readin  word21                                                              he sel…
    Termin  word22                                                              ny pos…
            word23
  Catalog   word24
    Defaul▌ word25                                                              ard's …
    Previe                                                                      a card…
    Watche                                                                       top o…
    Images  Whole words, any case. Kept in the config as hidden_words.           viewe…
    NSFW b                                                                      e mark…
 enter change   esc back   ? help                                               1/24  4%

=====
 ck  Settings
            Hidden words                                enter add · esc cancel
  Appearan
  ▌ Theme   word18                                                              ing
    Colors  word19                                                              curren…
    Color   word20                                                              rest o…
    Readin  word21                                                              he sel…
    Termin  word22                                                              ny pos…
            word23
  Catalog   word24
    Defaul  word25                                                              ard's …
    Previe                                                                      a card…
    Watche  New  x▏                                                              top o…
    Images  Whole words, any case. Kept in the config as hidden_words.           viewe…
    NSFW b                                                                      e mark…
 enter change   esc back   ? help                                               1/24  4%
