---
source: src/ui_tests.rs
expression: text
---
 ck  4chan  ›  /g/  Technology          4 threads

  ▌  pinned   locked  Welcome…  R3 I0 · 1y ago
    Read the rules before posting.

    ◉ /lmg/ - Local Models…  R312 I58 · 5h ago
    Previous threads: >>900 & >>800

    No.1100    12 replies · 0 images · 40m ago
    >be me >write tests

    Rust or C++?               R45 I3 · 2d ago
    Which one and why? [spoiler]






 enter open   w watch   ? help          1/4  25%
