---
source: src/ui_tests.rs
expression: snapshot(&mut a)
---
 ck  Settings
          Filter: Named !Trip                                      enter keep · esc cancel
  Appear
  ▌ Them▌ Pattern      ^Named (!Trip▏
    Colo  Label        Named !Trip                                                          e
    Colo  Action       highlight
    Read    subject    ·                                                                    post…
    Term    comment    ·                                                                     new…
            name       ✓ looked at
  Catalo    filename   ·
    Defa    md5        ·
    Prev    id         ·                                                                     (it…
    Watc    flag       ·                                                                    logs
    Imag    tripcode   ·                                                                    er a…
    NSFW    capcode    ·
    Boar    dimensions ·                                                                    (. m…
    Filt    filesize   ·                                                                     one…
    Hidd    postno     ·                                                                    dden…
    Hidd  Sites        4chan                                                                t ar…
          Boards       g
  Backgr  Posts        all
    Open  Replies      as they are
    Watc  Notify       no                                                                   s
    Quie  Top          no                                                                   0×
    Noti  On           yes                                                                  s to…
    Read                                                                                    ead …

  Sites   Not a valid pattern: unclosed group
    Add                                                                                     inds…
 enter change   esc back   ? help                                                         1/24  4%
