---
source: src/ui_tests.rs
expression: snapshot(&mut a)
---
 ck  Settings

  Appearance
    Theme             material                          Live preview while choosing
    Colors            as the theme has them             Change any color of the current theme
    Color depth       auto (24-bit)                     24-bit color, or the nearest of 256

  Catalog
    Layout            cards                             Cards, compact (a line each) or grid (c)
    Images            on  Theme                    enter keep · esc cancel  mage viewer (after a…
    Filters           0                                                     nfig; H hides by han…
                          material
  Background refresh      material-light
    Open thread       ev  nord                                              hread updates
    Watched threads   ev  gruvbox                                           ed thread updates
    Notifications     au  catppuccin                                         threads, replies to…
                          tokyo-night
  Downloads               solarized-light
    Folder            ~/  terminal                                          es

  Keys
    Key bindings      defaults                          Rebind any command

  There's no config file to save to (no home directory); changes last until ck quits.





 enter change   esc back   , settings   ? help
