---
source: src/ui_tests.rs
expression: snapshot(&mut a)
---
 ck  4chan  ›  Boards                                                                      3 boards

    /a/  Anime & Manga
    /b/  Random  nsfw
  ▌ /g/  Technology
























 enter open   . more   / filter   o browser   r reload   , settings   ? help             3/3  100%
