---
source: src/ui_tests.rs
expression: snapshot(&mut a)
---
 ck  4chan  ›  /g/  ›  Snapshot thread                                            5 posts  ·  2 new

    Replies  >>1001



    Anonymous  2026-09-21 10:13 · 4h ago  No.1001

    >>1000 (OP)
    >implying
      Quoted posts                                         j/k scroll · enter jump · esc close

      Anonymous  2026-09-21 10:13 · 4h ago  No.1001

      >>1000 (OP)
      >implying

      Replies  >>1003

        println!("snapshot");
    }


  ▌
  ▌ Anonymous   new  2026-09-21 12:13 · 2h ago  No.1003
  ▌
  ▌ ░░░░░░ and >>1001
  ▌

 j/k post   tab images & links   f hints   . more   enter quote   c conversation   ? help
