---
source: src/ui_tests.rs
expression: narrow(&mut a)
---
 ck  4chan  ›  /g/  Technology          4 threads

  ▌  pinned   locked  Welcome…  R3 I0 · 1y ago
    /lmg/ - Local Models G…  R312 I58 · 5h ago
    No.1100    12 replies · 0 images · 40m ago
    Rust or C++?  Which one …  R45 I3 · 2d ago













 enter open   v view image   w watch   ? help
