---
source: src/ui_tests.rs
expression: narrow(&mut a)
---
 ck  Sites                               23 sites
    Keys  j/k scroll · images: off · esc close

    Lists
      pagedown           10 rows down
      pageup             10 rows up
      n                  next search match
                         (archive search: more
                         results)
      *                  favorite board: on /
                         off
      x                  remove the entry
                         (home: a favorite)

    Everywhere
      j, down            down (10j: ten)
      k, up              up
      h, left            back (in a ↓ more (j)

 enter open   . more   ? help           1/26  3%
